src/lib/hepburn/settings.ts(92,11): error TS2741: Property 'vuStyle' is missing in type '{ longVowel: LongVowel; nasal: Nasal; separator: Separator; }' but required in type 'PresetValues'.
